<?xml version="1.0" encoding="utf-8"?><testsuites name="pytest tests"><testsuite name="pytest" errors="0" failures="0" skipped="0" tests="78" time="27.212" timestamp="2026-04-27T22:06:51.326225+05:30" hostname="ac07753b7b07"><testcase classname="tests.unit.test_api_health" name="test_health_returns_200_alive" time="0.107" /><testcase classname="tests.unit.test_api_health" name="test_root_returns_service_metadata" time="0.013" /><testcase classname="tests.unit.test_api_health" name="test_metrics_endpoint_is_prometheus_format" time="0.018" /><testcase classname="tests.unit.test_api_health" name="test_request_id_header_is_set" time="0.013" /><testcase classname="tests.unit.test_api_health" name="test_predict_validation_rejects_bad_ticker" time="0.018" /><testcase classname="tests.unit.test_api_inference" name="test_aggregate_picks_max_average" time="0.004" /><testcase classname="tests.unit.test_api_inference" name="test_aggregate_renormalises_to_sum_one" time="0.001" /><testcase classname="tests.unit.test_api_inference" name="test_aggregate_with_explanations" time="0.001" /><testcase classname="tests.unit.test_api_inference" name="test_aggregate_empty_raises" time="0.001" /><testcase classname="tests.unit.test_api_inference" name="test_summarise_class_counts" time="0.002" /><testcase classname="tests.unit.test_features_cleaning" name="test_empty_text_returns_empty_string" time="0.001" /><testcase classname="tests.unit.test_features_cleaning" name="test_url_is_removed" time="0.000" /><testcase classname="tests.unit.test_features_cleaning" name="test_mentions_are_removed" time="0.001" /><testcase classname="tests.unit.test_features_cleaning" name="test_cashtag_preserved_as_ticker" time="0.001" /><testcase classname="tests.unit.test_features_cleaning" name="test_lowercase_on_by_default" time="0.000" /><testcase classname="tests.unit.test_features_cleaning" name="test_whitespace_collapsed" time="0.001" /><testcase classname="tests.unit.test_features_cleaning" name="test_unicode_normalised" time="0.001" /><testcase classname="tests.unit.test_features_cleaning" name="test_edge_punctuation_stripped" time="0.001" /><testcase classname="tests.unit.test_features_cleaning" name="test_config_disables_lowercase" time="0.000" /><testcase classname="tests.unit.test_features_vectorizer" name="test_fit_transform_produces_nonzero_matrix" time="0.007" /><testcase classname="tests.unit.test_features_vectorizer" name="test_transform_before_fit_raises" time="0.000" /><testcase classname="tests.unit.test_features_vectorizer" name="test_metadata_includes_package_version" time="0.002" /><testcase classname="tests.unit.test_features_vectorizer" name="test_save_and_load_roundtrip" time="0.013" /><testcase classname="tests.unit.test_features_vectorizer" name="test_pipeline_end_to_end_produces_splits_and_vectorizer" time="0.577" /><testcase classname="tests.unit.test_features_vectorizer" name="test_pipeline_rejects_unlabelled_data" time="0.020" /><testcase classname="tests.unit.test_feedback_metrics" name="test_renders_minimal_report" time="0.008" /><testcase classname="tests.unit.test_feedback_metrics" name="test_renders_full_report" time="0.015" /><testcase classname="tests.unit.test_ingestion_pipeline" name="test_pipeline_end_to_end" time="0.199" /><testcase classname="tests.unit.test_ingestion_pipeline" name="test_validation_dedupes" time="0.070" /><testcase classname="tests.unit.test_ingestion_pipeline" name="test_validation_drops_short_text" time="0.023" /><testcase classname="tests.unit.test_ingestion_schemas" name="test_ticker_is_uppercased" time="0.001" /><testcase classname="tests.unit.test_ingestion_schemas" name="test_naive_timestamp_is_utc_normalised" time="0.001" /><testcase classname="tests.unit.test_ingestion_schemas" name="test_ticker_regex_rejects_lowercase_only_without_letters" time="0.002" /><testcase classname="tests.unit.test_ingestion_schemas" name="test_text_bounds_enforced" time="0.001" /><testcase classname="tests.unit.test_ingestion_schemas" name="test_dedup_key_is_stable" time="0.000" /><testcase classname="tests.unit.test_ingestion_schemas" name="test_extra_fields_rejected" time="0.002" /><testcase classname="tests.unit.test_model_metrics" name="test_classification_metrics_perfect_predictions" time="0.039" /><testcase classname="tests.unit.test_model_metrics" name="test_classification_metrics_all_wrong" time="0.016" /><testcase classname="tests.unit.test_model_metrics" name="test_classification_metrics_includes_log_loss" time="0.037" /><testcase classname="tests.unit.test_model_metrics" name="test_confusion_matrix_png_is_written" time="3.713" /><testcase classname="tests.unit.test_model_reproducibility" name="test_git_commit_sha_is_nonempty_in_this_repo" time="0.130" /><testcase classname="tests.unit.test_model_reproducibility" name="test_hardware_fingerprint_has_expected_keys" time="0.001" /><testcase classname="tests.unit.test_model_reproducibility" name="test_full_context_serialises_cleanly" time="0.140" /><testcase classname="tests.unit.test_model_reproducibility" name="test_write_context_artifact_creates_file" time="0.222" /><testcase classname="tests.unit.test_model_reproducibility" name="test_dvc_data_hash_graceful_when_missing" time="0.003" /><testcase classname="tests.unit.test_monitoring_drift" name="test_no_drift_when_live_matches_baseline" time="0.010" /><testcase classname="tests.unit.test_monitoring_drift" name="test_drift_when_live_differs_strongly" time="0.003" /><testcase classname="tests.unit.test_monitoring_drift" name="test_categorical_drift_on_new_ticker" time="0.032" /><testcase classname="tests.unit.test_monitoring_drift" name="test_empty_df_returns_skipped" time="0.001" /><testcase classname="tests.unit.test_monitoring_drift" name="test_write_prom_file_renders_valid_exposition" time="0.009" /><testcase classname="tests.unit.test_monitoring_drift" name="test_run_end_to_end" time="0.018" /><testcase classname="tests.unit.test_monitoring_drift" name="test_prediction_zscores_when_provided" time="0.002" /><testcase classname="tests.integration.test_compose_config" name="test_compose_config_is_valid" time="0.941" /><testcase classname="tests.integration.test_compose_config" name="test_compose_has_expected_services" time="0.315" /><testcase classname="tests.contract.test_api_contract" name="test_health_returns_alive" time="0.035" /><testcase classname="tests.contract.test_api_contract" name="test_health_sets_request_id_header" time="0.015" /><testcase classname="tests.contract.test_api_contract" name="test_ready_returns_model_ref" time="0.276" /><testcase classname="tests.contract.test_api_contract" name="test_metrics_exposes_required_series" time="0.022" /><testcase classname="tests.contract.test_api_contract" name="test_model_info_schema" time="0.106" /><testcase classname="tests.contract.test_api_contract" name="test_model_versions_schema" time="0.168" /><testcase classname="tests.contract.test_api_contract" name="test_predict_happy_path_schema" time="0.079" /><testcase classname="tests.contract.test_api_contract" name="test_predict_invalid_ticker_400" time="0.055" /><testcase classname="tests.contract.test_api_contract" name="test_predict_unknown_ticker_404" time="0.031" /><testcase classname="tests.contract.test_api_contract" name="test_predict_respects_lookback_bounds" time="0.010" /><testcase classname="tests.contract.test_api_contract" name="test_batch_predict_multi_ticker" time="0.050" /><testcase classname="tests.contract.test_api_contract" name="test_feedback_happy_path" time="0.139" /><testcase classname="tests.contract.test_api_contract" name="test_feedback_validates_label" time="0.019" /><testcase classname="tests.e2e.test_happy_path" name="test_frontend_serves_html" time="0.116" /><testcase classname="tests.e2e.test_happy_path" name="test_frontend_runtime_config" time="0.015" /><testcase classname="tests.e2e.test_happy_path" name="test_frontend_proxies_to_api" time="0.026" /><testcase classname="tests.e2e.test_happy_path" name="test_prediction_roundtrip_via_frontend" time="0.052" /><testcase classname="tests.e2e.test_happy_path" name="test_feedback_journey" time="0.100" /><testcase classname="tests.e2e.test_happy_path" name="test_mlflow_reachable" time="0.099" /><testcase classname="tests.e2e.test_happy_path" name="test_airflow_reachable" time="0.500" /><testcase classname="tests.e2e.test_happy_path" name="test_prometheus_reachable" time="0.078" /><testcase classname="tests.e2e.test_happy_path" name="test_prometheus_scrapes_api_target" time="0.076" /><testcase classname="tests.e2e.test_happy_path" name="test_grafana_reachable" time="0.020" /><testcase classname="tests.e2e.test_happy_path" name="test_alertmanager_reachable" time="0.016" /></testsuite></testsuites>